// Jest Snapshot v1, https://goo.gl/fbAQLP

exports[`should render correctly 1`] = `
<header
  className="header"
>
  <div
    className="header__logo-links"
  >
    <img
      src="/images/caixa_sirin_hor.svg"
    />
    <Menu
      className=""
      defaultOpenKeys={Array []}
      defaultSelectedKeys={Array []}
      focusable={true}
      inlineIndent={24}
      level={1}
      mode="horizontal"
      onClick={[Function]}
      onDeselect={[Function]}
      onOpenChange={[Function]}
      onSelect={[Function]}
      prefixCls="rc-menu"
      selectable={true}
      selectedKeys={
        Array [
          "",
        ]
      }
      style={Object {}}
      subMenuCloseDelay={0.1}
      subMenuOpenDelay={0.1}
      triggerSubMenuAction="hover"
      visible={true}
    >
      <MenuItem
        key="dashboard"
        onMouseEnter={[Function]}
        onMouseLeave={[Function]}
        onSelect={[Function]}
      >
        <h3>
          HOME
        </h3>
      </MenuItem>
      <MenuItem
        key="deputados"
        onMouseEnter={[Function]}
        onMouseLeave={[Function]}
        onSelect={[Function]}
      >
        <h3>
          DEPUTADOS
        </h3>
      </MenuItem>
    </Menu>
  </div>
  <div
    className="header__buttons"
  >
    <button
      className="button"
      onClick={null}
    >
      <img
        src="/icons/ic_eng_cinza.svg"
      />
    </button>
    <button
      className="button"
    >
      <img
        src="/icons/ic_perfil_cinza.svg"
      />
    </button>
  </div>
</header>
`;

exports[`should render correctly with store 1`] = `
<Header
  logout={[Function]}
  store={
    Object {
      "clearActions": [Function],
      "dispatch": [Function],
      "getActions": [Function],
      "getState": [Function],
      "replaceReducer": [Function],
      "subscribe": [Function],
    }
  }
/>
`;
